[     869ms] [ERROR] Failed to load resource: the server responded with a status of 404 () @ https://alexyodude.github.io/mapping:0
[    1288ms] [ERROR] Failed to load resource: the server responded with a status of 404 () @ https://alexyodude.github.io/brightness:0
[    1392ms] [ERROR] Failed to load resource: the server responded with a status of 404 () @ https://alexyodude.github.io/mapping:0
[    1398ms] [WARNING] faults: could not fetch /mapping SyntaxError: Unexpected token '<', "<!DOCTYPE "... is not valid JSON @ https://alexyodude.github.io/LENET-1_Physical/faults.js:132
[    1503ms] [ERROR] Failed to load resource: the server responded with a status of 404 () @ https://alexyodude.github.io/LENET-1_Physical/healthz:0
[    1509ms] [ERROR] Failed to load resource: the server responded with a status of 404 () @ https://alexyodude.github.io/history:0
[    1750ms] [LOG] [static-mode] starting browser-side LeNet inference @ https://alexyodude.github.io/LENET-1_Physical/static-mode.js:115
[    2548ms] [ERROR] [main] static fallback failed: 8504464 @ https://alexyodude.github.io/LENET-1_Physical/main.js:321
[    6335ms] [ERROR] Failed to load resource: the server responded with a status of 404 () @ https://alexyodude.github.io/history:0
[   11321ms] [ERROR] Failed to load resource: the server responded with a status of 404 () @ https://alexyodude.github.io/history:0
[   16325ms] [ERROR] Failed to load resource: the server responded with a status of 404 () @ https://alexyodude.github.io/history:0
[   21317ms] [ERROR] Failed to load resource: the server responded with a status of 404 () @ https://alexyodude.github.io/history:0
[   26321ms] [ERROR] Failed to load resource: the server responded with a status of 404 () @ https://alexyodude.github.io/history:0
[   31325ms] [ERROR] Failed to load resource: the server responded with a status of 404 () @ https://alexyodude.github.io/history:0
[   33591ms] [ERROR] Failed to load resource: the server responded with a status of 405 () @ https://alexyodude.github.io/sample:0
[   34515ms] [ERROR] Failed to load resource: the server responded with a status of 405 () @ https://alexyodude.github.io/step:0
[   36327ms] [ERROR] Failed to load resource: the server responded with a status of 404 () @ https://alexyodude.github.io/history:0
[   40511ms] [ERROR] Failed to load resource: the server responded with a status of 405 () @ https://alexyodude.github.io/sample:0
[   41328ms] [ERROR] Failed to load resource: the server responded with a status of 404 () @ https://alexyodude.github.io/history:0
[   46330ms] [ERROR] Failed to load resource: the server responded with a status of 404 () @ https://alexyodude.github.io/history:0
[   51321ms] [ERROR] Failed to load resource: the server responded with a status of 404 () @ https://alexyodude.github.io/history:0
[   56318ms] [ERROR] Failed to load resource: the server responded with a status of 404 () @ https://alexyodude.github.io/history:0
[   60337ms] [ERROR] Failed to load resource: the server responded with a status of 405 () @ https://alexyodude.github.io/test-pixel:0
[   61316ms] [ERROR] Failed to load resource: the server responded with a status of 404 () @ https://alexyodude.github.io/history:0
[   66324ms] [ERROR] Failed to load resource: the server responded with a status of 404 () @ https://alexyodude.github.io/history:0
[   68976ms] [ERROR] Failed to load resource: the server responded with a status of 405 () @ https://alexyodude.github.io/test-pixel:0
[   71322ms] [ERROR] Failed to load resource: the server responded with a status of 404 () @ https://alexyodude.github.io/history:0
[   76316ms] [ERROR] Failed to load resource: the server responded with a status of 404 () @ https://alexyodude.github.io/history:0
[   81329ms] [ERROR] Failed to load resource: the server responded with a status of 404 () @ https://alexyodude.github.io/history:0
[   86322ms] [ERROR] Failed to load resource: the server responded with a status of 404 () @ https://alexyodude.github.io/history:0
[   91316ms] [ERROR] Failed to load resource: the server responded with a status of 404 () @ https://alexyodude.github.io/history:0
[   96317ms] [ERROR] Failed to load resource: the server responded with a status of 404 () @ https://alexyodude.github.io/history:0
[  101316ms] [ERROR] Failed to load resource: the server responded with a status of 404 () @ https://alexyodude.github.io/history:0
[  106322ms] [ERROR] Failed to load resource: the server responded with a status of 404 () @ https://alexyodude.github.io/history:0
[  111327ms] [ERROR] Failed to load resource: the server responded with a status of 404 () @ https://alexyodude.github.io/history:0
[  116322ms] [ERROR] Failed to load resource: the server responded with a status of 404 () @ https://alexyodude.github.io/history:0
[  121322ms] [ERROR] Failed to load resource: the server responded with a status of 404 () @ https://alexyodude.github.io/history:0
[  126325ms] [ERROR] Failed to load resource: the server responded with a status of 404 () @ https://alexyodude.github.io/history:0
[  131318ms] [ERROR] Failed to load resource: the server responded with a status of 404 () @ https://alexyodude.github.io/history:0
[  136321ms] [ERROR] Failed to load resource: the server responded with a status of 404 () @ https://alexyodude.github.io/history:0
[  141322ms] [ERROR] Failed to load resource: the server responded with a status of 404 () @ https://alexyodude.github.io/history:0
[  146322ms] [ERROR] Failed to load resource: the server responded with a status of 404 () @ https://alexyodude.github.io/history:0
[  151325ms] [ERROR] Failed to load resource: the server responded with a status of 404 () @ https://alexyodude.github.io/history:0
[  156326ms] [ERROR] Failed to load resource: the server responded with a status of 404 () @ https://alexyodude.github.io/history:0
[  161517ms] [ERROR] Failed to load resource: the server responded with a status of 404 () @ https://alexyodude.github.io/history:0
[  166333ms] [ERROR] Failed to load resource: the server responded with a status of 404 () @ https://alexyodude.github.io/history:0
[  171327ms] [ERROR] Failed to load resource: the server responded with a status of 404 () @ https://alexyodude.github.io/history:0
[  176336ms] [ERROR] Failed to load resource: the server responded with a status of 404 () @ https://alexyodude.github.io/history:0
[  181331ms] [ERROR] Failed to load resource: the server responded with a status of 404 () @ https://alexyodude.github.io/history:0
[  186323ms] [ERROR] Failed to load resource: the server responded with a status of 404 () @ https://alexyodude.github.io/history:0
[  191323ms] [ERROR] Failed to load resource: the server responded with a status of 404 () @ https://alexyodude.github.io/history:0
[  196323ms] [ERROR] Failed to load resource: the server responded with a status of 404 () @ https://alexyodude.github.io/history:0
[  201323ms] [ERROR] Failed to load resource: the server responded with a status of 404 () @ https://alexyodude.github.io/history:0
[  206323ms] [ERROR] Failed to load resource: the server responded with a status of 404 () @ https://alexyodude.github.io/history:0
[  211340ms] [ERROR] Failed to load resource: the server responded with a status of 404 () @ https://alexyodude.github.io/history:0
[  216324ms] [ERROR] Failed to load resource: the server responded with a status of 404 () @ https://alexyodude.github.io/history:0
[  221320ms] [ERROR] Failed to load resource: the server responded with a status of 404 () @ https://alexyodude.github.io/history:0
[  226318ms] [ERROR] Failed to load resource: the server responded with a status of 404 () @ https://alexyodude.github.io/history:0
[  231422ms] [ERROR] Failed to load resource: the server responded with a status of 404 () @ https://alexyodude.github.io/history:0
[  236321ms] [ERROR] Failed to load resource: the server responded with a status of 404 () @ https://alexyodude.github.io/history:0
[  241321ms] [ERROR] Failed to load resource: the server responded with a status of 404 () @ https://alexyodude.github.io/history:0
[  246319ms] [ERROR] Failed to load resource: the server responded with a status of 404 () @ https://alexyodude.github.io/history:0
[  251321ms] [ERROR] Failed to load resource: the server responded with a status of 404 () @ https://alexyodude.github.io/history:0
[  256330ms] [ERROR] Failed to load resource: the server responded with a status of 404 () @ https://alexyodude.github.io/history:0
[  261325ms] [ERROR] Failed to load resource: the server responded with a status of 404 () @ https://alexyodude.github.io/history:0
[  266328ms] [ERROR] Failed to load resource: the server responded with a status of 404 () @ https://alexyodude.github.io/history:0
[  271324ms] [ERROR] Failed to load resource: the server responded with a status of 404 () @ https://alexyodude.github.io/history:0
[  276324ms] [ERROR] Failed to load resource: the server responded with a status of 404 () @ https://alexyodude.github.io/history:0
[  281328ms] [ERROR] Failed to load resource: the server responded with a status of 404 () @ https://alexyodude.github.io/history:0
[  286322ms] [ERROR] Failed to load resource: the server responded with a status of 404 () @ https://alexyodude.github.io/history:0
[  291333ms] [ERROR] Failed to load resource: the server responded with a status of 404 () @ https://alexyodude.github.io/history:0
[  296322ms] [ERROR] Failed to load resource: the server responded with a status of 404 () @ https://alexyodude.github.io/history:0
[  301322ms] [ERROR] Failed to load resource: the server responded with a status of 404 () @ https://alexyodude.github.io/history:0
[  306329ms] [ERROR] Failed to load resource: the server responded with a status of 404 () @ https://alexyodude.github.io/history:0
[  311328ms] [ERROR] Failed to load resource: the server responded with a status of 404 () @ https://alexyodude.github.io/history:0
[  316325ms] [ERROR] Failed to load resource: the server responded with a status of 404 () @ https://alexyodude.github.io/history:0
[  321325ms] [ERROR] Failed to load resource: the server responded with a status of 404 () @ https://alexyodude.github.io/history:0
[  326329ms] [ERROR] Failed to load resource: the server responded with a status of 404 () @ https://alexyodude.github.io/history:0
[  331315ms] [ERROR] Failed to load resource: the server responded with a status of 404 () @ https://alexyodude.github.io/history:0
[  336324ms] [ERROR] Failed to load resource: the server responded with a status of 404 () @ https://alexyodude.github.io/history:0
[  341323ms] [ERROR] Failed to load resource: the server responded with a status of 404 () @ https://alexyodude.github.io/history:0
[  346318ms] [ERROR] Failed to load resource: the server responded with a status of 404 () @ https://alexyodude.github.io/history:0
[  351325ms] [ERROR] Failed to load resource: the server responded with a status of 404 () @ https://alexyodude.github.io/history:0
[  356317ms] [ERROR] Failed to load resource: the server responded with a status of 404 () @ https://alexyodude.github.io/history:0
[  361323ms] [ERROR] Failed to load resource: the server responded with a status of 404 () @ https://alexyodude.github.io/history:0
[  366330ms] [ERROR] Failed to load resource: the server responded with a status of 404 () @ https://alexyodude.github.io/history:0
[  371319ms] [ERROR] Failed to load resource: the server responded with a status of 404 () @ https://alexyodude.github.io/history:0
[  376333ms] [ERROR] Failed to load resource: the server responded with a status of 404 () @ https://alexyodude.github.io/history:0
[  381325ms] [ERROR] Failed to load resource: the server responded with a status of 404 () @ https://alexyodude.github.io/history:0
[  386319ms] [ERROR] Failed to load resource: the server responded with a status of 404 () @ https://alexyodude.github.io/history:0
[  391323ms] [ERROR] Failed to load resource: the server responded with a status of 404 () @ https://alexyodude.github.io/history:0
[  396320ms] [ERROR] Failed to load resource: the server responded with a status of 404 () @ https://alexyodude.github.io/history:0
[  401324ms] [ERROR] Failed to load resource: the server responded with a status of 404 () @ https://alexyodude.github.io/history:0
[  406326ms] [ERROR] Failed to load resource: the server responded with a status of 404 () @ https://alexyodude.github.io/history:0
[  411326ms] [ERROR] Failed to load resource: the server responded with a status of 404 () @ https://alexyodude.github.io/history:0
[  416328ms] [ERROR] Failed to load resource: the server responded with a status of 404 () @ https://alexyodude.github.io/history:0
[  421325ms] [ERROR] Failed to load resource: the server responded with a status of 404 () @ https://alexyodude.github.io/history:0
[  426320ms] [ERROR] Failed to load resource: the server responded with a status of 404 () @ https://alexyodude.github.io/history:0
[  431324ms] [ERROR] Failed to load resource: the server responded with a status of 404 () @ https://alexyodude.github.io/history:0
[  436326ms] [ERROR] Failed to load resource: the server responded with a status of 404 () @ https://alexyodude.github.io/history:0
[  441335ms] [ERROR] Failed to load resource: the server responded with a status of 404 () @ https://alexyodude.github.io/history:0
[  446317ms] [ERROR] Failed to load resource: the server responded with a status of 404 () @ https://alexyodude.github.io/history:0
[  451322ms] [ERROR] Failed to load resource: the server responded with a status of 404 () @ https://alexyodude.github.io/history:0
[  456323ms] [ERROR] Failed to load resource: the server responded with a status of 404 () @ https://alexyodude.github.io/history:0
[  461326ms] [ERROR] Failed to load resource: the server responded with a status of 404 () @ https://alexyodude.github.io/history:0
[  466319ms] [ERROR] Failed to load resource: the server responded with a status of 404 () @ https://alexyodude.github.io/history:0
[  471320ms] [ERROR] Failed to load resource: the server responded with a status of 404 () @ https://alexyodude.github.io/history:0
[  476321ms] [ERROR] Failed to load resource: the server responded with a status of 404 () @ https://alexyodude.github.io/history:0
[  481323ms] [ERROR] Failed to load resource: the server responded with a status of 404 () @ https://alexyodude.github.io/history:0
[  486336ms] [ERROR] Failed to load resource: the server responded with a status of 404 () @ https://alexyodude.github.io/history:0
[  491316ms] [ERROR] Failed to load resource: the server responded with a status of 404 () @ https://alexyodude.github.io/history:0
[  496331ms] [ERROR] Failed to load resource: the server responded with a status of 404 () @ https://alexyodude.github.io/history:0
[  501339ms] [ERROR] Failed to load resource: the server responded with a status of 404 () @ https://alexyodude.github.io/history:0
[  506340ms] [ERROR] Failed to load resource: the server responded with a status of 404 () @ https://alexyodude.github.io/history:0
[  511328ms] [ERROR] Failed to load resource: the server responded with a status of 404 () @ https://alexyodude.github.io/history:0
[  516320ms] [ERROR] Failed to load resource: the server responded with a status of 404 () @ https://alexyodude.github.io/history:0
[  521326ms] [ERROR] Failed to load resource: the server responded with a status of 404 () @ https://alexyodude.github.io/history:0
[  526322ms] [ERROR] Failed to load resource: the server responded with a status of 404 () @ https://alexyodude.github.io/history:0
[  531329ms] [ERROR] Failed to load resource: the server responded with a status of 404 () @ https://alexyodude.github.io/history:0
[  536325ms] [ERROR] Failed to load resource: the server responded with a status of 404 () @ https://alexyodude.github.io/history:0
[  541322ms] [ERROR] Failed to load resource: the server responded with a status of 404 () @ https://alexyodude.github.io/history:0
[  546336ms] [ERROR] Failed to load resource: the server responded with a status of 404 () @ https://alexyodude.github.io/history:0
[  551351ms] [ERROR] Failed to load resource: the server responded with a status of 404 () @ https://alexyodude.github.io/history:0
[  556317ms] [ERROR] Failed to load resource: the server responded with a status of 404 () @ https://alexyodude.github.io/history:0
[  561317ms] [ERROR] Failed to load resource: the server responded with a status of 404 () @ https://alexyodude.github.io/history:0
[  566332ms] [ERROR] Failed to load resource: the server responded with a status of 404 () @ https://alexyodude.github.io/history:0
[  571326ms] [ERROR] Failed to load resource: the server responded with a status of 404 () @ https://alexyodude.github.io/history:0
[  576324ms] [ERROR] Failed to load resource: the server responded with a status of 404 () @ https://alexyodude.github.io/history:0
[  581329ms] [ERROR] Failed to load resource: the server responded with a status of 404 () @ https://alexyodude.github.io/history:0
[  586326ms] [ERROR] Failed to load resource: the server responded with a status of 404 () @ https://alexyodude.github.io/history:0
[  591324ms] [ERROR] Failed to load resource: the server responded with a status of 404 () @ https://alexyodude.github.io/history:0
[  596328ms] [ERROR] Failed to load resource: the server responded with a status of 404 () @ https://alexyodude.github.io/history:0
[  601331ms] [ERROR] Failed to load resource: the server responded with a status of 404 () @ https://alexyodude.github.io/history:0
[  606332ms] [ERROR] Failed to load resource: the server responded with a status of 404 () @ https://alexyodude.github.io/history:0
[  611316ms] [ERROR] Failed to load resource: the server responded with a status of 404 () @ https://alexyodude.github.io/history:0
[  616330ms] [ERROR] Failed to load resource: the server responded with a status of 404 () @ https://alexyodude.github.io/history:0
[  621321ms] [ERROR] Failed to load resource: the server responded with a status of 404 () @ https://alexyodude.github.io/history:0
[  626322ms] [ERROR] Failed to load resource: the server responded with a status of 404 () @ https://alexyodude.github.io/history:0
[  631332ms] [ERROR] Failed to load resource: the server responded with a status of 404 () @ https://alexyodude.github.io/history:0
[  636327ms] [ERROR] Failed to load resource: the server responded with a status of 404 () @ https://alexyodude.github.io/history:0
[  641316ms] [ERROR] Failed to load resource: the server responded with a status of 404 () @ https://alexyodude.github.io/history:0
[  646326ms] [ERROR] Failed to load resource: the server responded with a status of 404 () @ https://alexyodude.github.io/history:0
[  651320ms] [ERROR] Failed to load resource: the server responded with a status of 404 () @ https://alexyodude.github.io/history:0
[  656328ms] [ERROR] Failed to load resource: the server responded with a status of 404 () @ https://alexyodude.github.io/history:0
[  661330ms] [ERROR] Failed to load resource: the server responded with a status of 404 () @ https://alexyodude.github.io/history:0
[  666326ms] [ERROR] Failed to load resource: the server responded with a status of 404 () @ https://alexyodude.github.io/history:0
[  671328ms] [ERROR] Failed to load resource: the server responded with a status of 404 () @ https://alexyodude.github.io/history:0
[  676324ms] [ERROR] Failed to load resource: the server responded with a status of 404 () @ https://alexyodude.github.io/history:0
[  681331ms] [ERROR] Failed to load resource: the server responded with a status of 404 () @ https://alexyodude.github.io/history:0
[  686318ms] [ERROR] Failed to load resource: the server responded with a status of 404 () @ https://alexyodude.github.io/history:0
[  691325ms] [ERROR] Failed to load resource: the server responded with a status of 404 () @ https://alexyodude.github.io/history:0
[  696318ms] [ERROR] Failed to load resource: the server responded with a status of 404 () @ https://alexyodude.github.io/history:0
[  701324ms] [ERROR] Failed to load resource: the server responded with a status of 404 () @ https://alexyodude.github.io/history:0
[  706321ms] [ERROR] Failed to load resource: the server responded with a status of 404 () @ https://alexyodude.github.io/history:0
[  711322ms] [ERROR] Failed to load resource: the server responded with a status of 404 () @ https://alexyodude.github.io/history:0
[  716323ms] [ERROR] Failed to load resource: the server responded with a status of 404 () @ https://alexyodude.github.io/history:0
[  721330ms] [ERROR] Failed to load resource: the server responded with a status of 404 () @ https://alexyodude.github.io/history:0
[  726324ms] [ERROR] Failed to load resource: the server responded with a status of 404 () @ https://alexyodude.github.io/history:0
[  731326ms] [ERROR] Failed to load resource: the server responded with a status of 404 () @ https://alexyodude.github.io/history:0
[  736325ms] [ERROR] Failed to load resource: the server responded with a status of 404 () @ https://alexyodude.github.io/history:0
[  741329ms] [ERROR] Failed to load resource: the server responded with a status of 404 () @ https://alexyodude.github.io/history:0
[  746319ms] [ERROR] Failed to load resource: the server responded with a status of 404 () @ https://alexyodude.github.io/history:0
[  751319ms] [ERROR] Failed to load resource: the server responded with a status of 404 () @ https://alexyodude.github.io/history:0
[  756327ms] [ERROR] Failed to load resource: the server responded with a status of 404 () @ https://alexyodude.github.io/history:0
[  761319ms] [ERROR] Failed to load resource: the server responded with a status of 404 () @ https://alexyodude.github.io/history:0
[  766335ms] [ERROR] Failed to load resource: the server responded with a status of 404 () @ https://alexyodude.github.io/history:0
[  771317ms] [ERROR] Failed to load resource: the server responded with a status of 404 () @ https://alexyodude.github.io/history:0
[  776326ms] [ERROR] Failed to load resource: the server responded with a status of 404 () @ https://alexyodude.github.io/history:0
[  781320ms] [ERROR] Failed to load resource: the server responded with a status of 404 () @ https://alexyodude.github.io/history:0
[  786327ms] [ERROR] Failed to load resource: the server responded with a status of 404 () @ https://alexyodude.github.io/history:0
[  791336ms] [ERROR] Failed to load resource: the server responded with a status of 404 () @ https://alexyodude.github.io/history:0
[  796329ms] [ERROR] Failed to load resource: the server responded with a status of 404 () @ https://alexyodude.github.io/history:0
[  801334ms] [ERROR] Failed to load resource: the server responded with a status of 404 () @ https://alexyodude.github.io/history:0
[  806315ms] [ERROR] Failed to load resource: the server responded with a status of 404 () @ https://alexyodude.github.io/history:0
[  811335ms] [ERROR] Failed to load resource: the server responded with a status of 404 () @ https://alexyodude.github.io/history:0
[  816326ms] [ERROR] Failed to load resource: the server responded with a status of 404 () @ https://alexyodude.github.io/history:0
[  821331ms] [ERROR] Failed to load resource: the server responded with a status of 404 () @ https://alexyodude.github.io/history:0
[  826315ms] [ERROR] Failed to load resource: the server responded with a status of 404 () @ https://alexyodude.github.io/history:0
[  831330ms] [ERROR] Failed to load resource: the server responded with a status of 404 () @ https://alexyodude.github.io/history:0
[  836328ms] [ERROR] Failed to load resource: the server responded with a status of 404 () @ https://alexyodude.github.io/history:0
[  841321ms] [ERROR] Failed to load resource: the server responded with a status of 404 () @ https://alexyodude.github.io/history:0
[  846316ms] [ERROR] Failed to load resource: the server responded with a status of 404 () @ https://alexyodude.github.io/history:0
[  851328ms] [ERROR] Failed to load resource: the server responded with a status of 404 () @ https://alexyodude.github.io/history:0
[  856323ms] [ERROR] Failed to load resource: the server responded with a status of 404 () @ https://alexyodude.github.io/history:0
[  861331ms] [ERROR] Failed to load resource: the server responded with a status of 404 () @ https://alexyodude.github.io/history:0
[  866323ms] [ERROR] Failed to load resource: the server responded with a status of 404 () @ https://alexyodude.github.io/history:0
[  871325ms] [ERROR] Failed to load resource: the server responded with a status of 404 () @ https://alexyodude.github.io/history:0
[  876332ms] [ERROR] Failed to load resource: the server responded with a status of 404 () @ https://alexyodude.github.io/history:0
[  881316ms] [ERROR] Failed to load resource: the server responded with a status of 404 () @ https://alexyodude.github.io/history:0
[  886319ms] [ERROR] Failed to load resource: the server responded with a status of 404 () @ https://alexyodude.github.io/history:0
[  891333ms] [ERROR] Failed to load resource: the server responded with a status of 404 () @ https://alexyodude.github.io/history:0
[  896321ms] [ERROR] Failed to load resource: the server responded with a status of 404 () @ https://alexyodude.github.io/history:0
[  901320ms] [ERROR] Failed to load resource: the server responded with a status of 404 () @ https://alexyodude.github.io/history:0
[  906324ms] [ERROR] Failed to load resource: the server responded with a status of 404 () @ https://alexyodude.github.io/history:0
[  911332ms] [ERROR] Failed to load resource: the server responded with a status of 404 () @ https://alexyodude.github.io/history:0
[  916316ms] [ERROR] Failed to load resource: the server responded with a status of 404 () @ https://alexyodude.github.io/history:0
[  921329ms] [ERROR] Failed to load resource: the server responded with a status of 404 () @ https://alexyodude.github.io/history:0
[  926319ms] [ERROR] Failed to load resource: the server responded with a status of 404 () @ https://alexyodude.github.io/history:0
[  931324ms] [ERROR] Failed to load resource: the server responded with a status of 404 () @ https://alexyodude.github.io/history:0
[  936328ms] [ERROR] Failed to load resource: the server responded with a status of 404 () @ https://alexyodude.github.io/history:0
[  941324ms] [ERROR] Failed to load resource: the server responded with a status of 404 () @ https://alexyodude.github.io/history:0
[  946334ms] [ERROR] Failed to load resource: the server responded with a status of 404 () @ https://alexyodude.github.io/history:0
[  951332ms] [ERROR] Failed to load resource: the server responded with a status of 404 () @ https://alexyodude.github.io/history:0
[  956325ms] [ERROR] Failed to load resource: the server responded with a status of 404 () @ https://alexyodude.github.io/history:0
[  961327ms] [ERROR] Failed to load resource: the server responded with a status of 404 () @ https://alexyodude.github.io/history:0
[  966321ms] [ERROR] Failed to load resource: the server responded with a status of 404 () @ https://alexyodude.github.io/history:0
[  971327ms] [ERROR] Failed to load resource: the server responded with a status of 404 () @ https://alexyodude.github.io/history:0
[  976321ms] [ERROR] Failed to load resource: the server responded with a status of 404 () @ https://alexyodude.github.io/history:0
[  981320ms] [ERROR] Failed to load resource: the server responded with a status of 404 () @ https://alexyodude.github.io/history:0
[  986322ms] [ERROR] Failed to load resource: the server responded with a status of 404 () @ https://alexyodude.github.io/history:0
[  991318ms] [ERROR] Failed to load resource: the server responded with a status of 404 () @ https://alexyodude.github.io/history:0
[  996320ms] [ERROR] Failed to load resource: the server responded with a status of 404 () @ https://alexyodude.github.io/history:0
[ 1001329ms] [ERROR] Failed to load resource: the server responded with a status of 404 () @ https://alexyodude.github.io/history:0
[ 1006317ms] [ERROR] Failed to load resource: the server responded with a status of 404 () @ https://alexyodude.github.io/history:0
[ 1011333ms] [ERROR] Failed to load resource: the server responded with a status of 404 () @ https://alexyodude.github.io/history:0
[ 1016325ms] [ERROR] Failed to load resource: the server responded with a status of 404 () @ https://alexyodude.github.io/history:0
[ 1021327ms] [ERROR] Failed to load resource: the server responded with a status of 404 () @ https://alexyodude.github.io/history:0
[ 1026327ms] [ERROR] Failed to load resource: the server responded with a status of 404 () @ https://alexyodude.github.io/history:0
[ 1031329ms] [ERROR] Failed to load resource: the server responded with a status of 404 () @ https://alexyodude.github.io/history:0
[ 1036336ms] [ERROR] Failed to load resource: the server responded with a status of 404 () @ https://alexyodude.github.io/history:0
[ 1041329ms] [ERROR] Failed to load resource: the server responded with a status of 404 () @ https://alexyodude.github.io/history:0
[ 1046330ms] [ERROR] Failed to load resource: the server responded with a status of 404 () @ https://alexyodude.github.io/history:0
[ 1051329ms] [ERROR] Failed to load resource: the server responded with a status of 404 () @ https://alexyodude.github.io/history:0
[ 1056325ms] [ERROR] Failed to load resource: the server responded with a status of 404 () @ https://alexyodude.github.io/history:0
[ 1061326ms] [ERROR] Failed to load resource: the server responded with a status of 404 () @ https://alexyodude.github.io/history:0
[ 1066317ms] [ERROR] Failed to load resource: the server responded with a status of 404 () @ https://alexyodude.github.io/history:0
[ 1071323ms] [ERROR] Failed to load resource: the server responded with a status of 404 () @ https://alexyodude.github.io/history:0
[ 1076326ms] [ERROR] Failed to load resource: the server responded with a status of 404 () @ https://alexyodude.github.io/history:0
[ 1081322ms] [ERROR] Failed to load resource: the server responded with a status of 404 () @ https://alexyodude.github.io/history:0
[ 1086324ms] [ERROR] Failed to load resource: the server responded with a status of 404 () @ https://alexyodude.github.io/history:0
[ 1091319ms] [ERROR] Failed to load resource: the server responded with a status of 404 () @ https://alexyodude.github.io/history:0
[ 1096330ms] [ERROR] Failed to load resource: the server responded with a status of 404 () @ https://alexyodude.github.io/history:0
[ 1101328ms] [ERROR] Failed to load resource: the server responded with a status of 404 () @ https://alexyodude.github.io/history:0
[ 1106326ms] [ERROR] Failed to load resource: the server responded with a status of 404 () @ https://alexyodude.github.io/history:0
[ 1111329ms] [ERROR] Failed to load resource: the server responded with a status of 404 () @ https://alexyodude.github.io/history:0
[ 1116318ms] [ERROR] Failed to load resource: the server responded with a status of 404 () @ https://alexyodude.github.io/history:0
[ 1121320ms] [ERROR] Failed to load resource: the server responded with a status of 404 () @ https://alexyodude.github.io/history:0
[ 1126316ms] [ERROR] Failed to load resource: the server responded with a status of 404 () @ https://alexyodude.github.io/history:0
[ 1131325ms] [ERROR] Failed to load resource: the server responded with a status of 404 () @ https://alexyodude.github.io/history:0
[ 1136319ms] [ERROR] Failed to load resource: the server responded with a status of 404 () @ https://alexyodude.github.io/history:0
[ 1141318ms] [ERROR] Failed to load resource: the server responded with a status of 404 () @ https://alexyodude.github.io/history:0
[ 1146334ms] [ERROR] Failed to load resource: the server responded with a status of 404 () @ https://alexyodude.github.io/history:0
[ 1151541ms] [ERROR] Failed to load resource: the server responded with a status of 404 () @ https://alexyodude.github.io/history:0
[ 1156332ms] [ERROR] Failed to load resource: the server responded with a status of 404 () @ https://alexyodude.github.io/history:0
[ 1161316ms] [ERROR] Failed to load resource: the server responded with a status of 404 () @ https://alexyodude.github.io/history:0
